export const snapshot = {};

snapshot[`<Counter/> 1`] = `'<div class="flex gap-2 w-full"><p class="flex-grow-1 font-bold text-xl">3</p><button disabled class="px-2 py-1 border(gray-100 2) hover:bg-gray-200">-1</button><button disabled class="px-2 py-1 border(gray-100 2) hover:bg-gray-200">+1</button></div>'`;
