export const snapshot = {};

snapshot[`<Index/> 1`] = `'<img src="/icon.png" class="flcss-logo-"/><form method="post" action="/api/login"><button class="flcss-button-" type="submit">Login with Discord<i class="bx bxl-discord-alt flcss-icon-"></i></button></form>'`;

snapshot[`<Index/> (Logged In) 1`] = `'<img src="/icon.png" class="flcss-logo-"/><p>user_username</p><img width="32" height="32" src="https://cdn.discordapp.com/avatars/user_id/avatar_hash.png"/><form method="post" action="/api/logout"><button type="submit">Log Out</button></form>'`;

snapshot[`<Index/> (Logged In) (No Avatar) 1`] = `'<img src="/icon.png" class="flcss-logo-"/><p>user_username</p><img width="32" height="32" src="https://cdn.discordapp.com/embed/avatars/0.png"/><form method="post" action="/api/logout"><button type="submit">Log Out</button></form>'`;
